// Jest Snapshot v1, https://goo.gl/fbAQLP

exports[`should return empty array 1`] = `
Array [
  Object {
    "icon": Object {
      "path": "/Users/jukben/Dev/alfred-emoji/node_modules/emoji-datasource-apple/img/apple/64/1f440.png",
    },
    "title": "Nothing found!",
  },
]
`;

exports[`should return return correct smiles for "rofl" 1`] = `
Array [
  Object {
    "arg": "😂",
    "icon": Object {
      "path": "/Users/jukben/Dev/alfred-emoji/node_modules/emoji-datasource-apple/img/apple/64/1f602.png",
    },
    "subtitle": "face with tears of joy",
    "title": "",
  },
  Object {
    "arg": "😆",
    "icon": Object {
      "path": "/Users/jukben/Dev/alfred-emoji/node_modules/emoji-datasource-apple/img/apple/64/1f606.png",
    },
    "subtitle": "smiling face with open mouth and tightly-closed eyes",
    "title": "",
  },
  Object {
    "arg": "😹",
    "icon": Object {
      "path": "/Users/jukben/Dev/alfred-emoji/node_modules/emoji-datasource-apple/img/apple/64/1f639.png",
    },
    "subtitle": "cat face with tears of joy",
    "title": "",
  },
  Object {
    "arg": "😄",
    "icon": Object {
      "path": "/Users/jukben/Dev/alfred-emoji/node_modules/emoji-datasource-apple/img/apple/64/1f604.png",
    },
    "subtitle": "smiling face with open mouth and smiling eyes",
    "title": "",
  },
  Object {
    "arg": "😝",
    "icon": Object {
      "path": "/Users/jukben/Dev/alfred-emoji/node_modules/emoji-datasource-apple/img/apple/64/1f61d.png",
    },
    "subtitle": "face with stuck-out tongue and tightly-closed eyes",
    "title": "",
  },
  Object {
    "arg": "😭",
    "icon": Object {
      "path": "/Users/jukben/Dev/alfred-emoji/node_modules/emoji-datasource-apple/img/apple/64/1f62d.png",
    },
    "subtitle": "loudly crying face",
    "title": "",
  },
  Object {
    "arg": "😜",
    "icon": Object {
      "path": "/Users/jukben/Dev/alfred-emoji/node_modules/emoji-datasource-apple/img/apple/64/1f61c.png",
    },
    "subtitle": "face with stuck-out tongue and winking eye",
    "title": "",
  },
  Object {
    "arg": "👇",
    "icon": Object {
      "path": "/Users/jukben/Dev/alfred-emoji/node_modules/emoji-datasource-apple/img/apple/64/1f447.png",
    },
    "subtitle": "white down pointing backhand index",
    "title": "",
  },
  Object {
    "arg": "😀",
    "icon": Object {
      "path": "/Users/jukben/Dev/alfred-emoji/node_modules/emoji-datasource-apple/img/apple/64/1f600.png",
    },
    "subtitle": "grinning face",
    "title": "",
  },
  Object {
    "arg": "🙈",
    "icon": Object {
      "path": "/Users/jukben/Dev/alfred-emoji/node_modules/emoji-datasource-apple/img/apple/64/1f648.png",
    },
    "subtitle": "see-no-evil monkey",
    "title": "",
  },
]
`;
